../Core/Src/main.c:76:5:main	8	static
../Core/Src/main.c:133:6:SystemClock_Config	88	static
../Core/Src/main.c:181:13:MX_ADC1_Init	72	static
../Core/Src/main.c:260:13:MX_ADC2_Init	24	static
../Core/Src/main.c:310:13:MX_ADC3_Init	24	static
../Core/Src/main.c:360:13:MX_TIM1_Init	96	static
../Core/Src/main.c:448:13:MX_USART2_UART_Init	8	static
../Core/Src/main.c:481:13:MX_GPIO_Init	48	static
../Core/Src/main.c:516:6:HAL_ADCEx_InjectedConvCpltCallback	16	static
../Core/Src/main.c:525:6:Error_Handler	4	static,ignoring_inline_asm
